#-----------------------------------------------------------
# Vivado v2025.2 (64-bit)
# SW Build 6299465 on Fri Nov 14 19:35:11 GMT 2025
# IP Build 6300035 on Fri Nov 14 10:48:45 MST 2025
# SharedData Build 6298862 on Thu Nov 13 04:50:51 MST 2025
# Start of session at: Tue Dec 23 23:55:34 2025
# Process ID         : 27252
# Current directory  : C:/Users/mexic/Subtractor/Subtractor.runs/synth_1
# Command line       : vivado.exe -log N_Bit_Subtractor.vds -product Vivado -mode batch -messageDb vivado.pb -notrace -source N_Bit_Subtractor.tcl
# Log file           : C:/Users/mexic/Subtractor/Subtractor.runs/synth_1/N_Bit_Subtractor.vds
# Journal file       : C:/Users/mexic/Subtractor/Subtractor.runs/synth_1\vivado.jou
# Running On         : LAPTOP-BMND80C2
# Platform           : Windows Server 2016 or Windows 10
# Operating System   : 26200
# Processor Detail   : Intel(R) Core(TM) i7-8750H CPU @ 2.20GHz
# CPU Frequency      : 2208 MHz
# CPU Physical cores : 6
# CPU Logical cores  : 12
# Host memory        : 17078 MB
# Swap memory        : 9126 MB
# Total Virtual      : 26204 MB
# Available Virtual  : 7610 MB
#-----------------------------------------------------------
source N_Bit_Subtractor.tcl -notrace
